******************************************************************************
                  TI ARM Linker PC v18.1.1                     
******************************************************************************
>> Linked Sat Jun 29 17:25:28 2019

OUTPUT FILE NAME:   <controleProjeto.out>
ENTRY POINT SYMBOL: "_c_int00_noargs"  address: 00000b75


MEMORY CONFIGURATION

         name            origin    length      used     unused   attr    fill
----------------------  --------  ---------  --------  --------  ----  --------
  FLASH                 00000000   00040000  00000bee  0003f412  R  X
  SRAM                  20000000   00008000  0000020c  00007df4  RW X


SEGMENT ALLOCATION MAP

run origin  load origin   length   init length attrs members
----------  ----------- ---------- ----------- ----- -------
00000000    00000000    00000bf0   00000bf0    r-x
  00000000    00000000    0000026c   0000026c    r-- .intvecs
  0000026c    0000026c    00000962   00000962    r-x .text
  00000bd0    00000bd0    00000020   00000020    r-- .cinit
20000000    20000000    0000020c   00000000    rw-
  20000000    20000000    00000200   00000000    rw- .stack
  20000200    20000200    0000000c   00000000    rw- .data


SECTION ALLOCATION MAP

 output                                  attributes/
section   page    origin      length       input sections
--------  ----  ----------  ----------   ----------------
.intvecs   0    00000000    0000026c     
                  00000000    0000026c     tm4c123gh6pm_startup_ccs.obj (.intvecs)

.text      0    0000026c    00000962     
                  0000026c    000007c0     main.obj (.text)
                  00000a2c    0000009c     rtsv7M4_T_le_v4SPD16_eabi.lib : memcpy_t2.asm.obj (.text)
                  00000ac8    00000068                                   : copy_decompress_lzss.c.obj (.text:decompress:lzss:__TI_decompress_lzss)
                  00000b30    00000044                                   : autoinit.c.obj (.text:__TI_auto_init_nobinit_nopinit:__TI_auto_init_nobinit_nopinit)
                  00000b74    00000038                                   : boot_cortex_m.c.obj (.text:_c_int00_noargs:_c_int00_noargs)
                  00000bac    0000000e                                   : copy_decompress_none.c.obj (.text:decompress:none:__TI_decompress_none)
                  00000bba    0000000c     tm4c123gh6pm_startup_ccs.obj (.text)
                  00000bc6    00000004     rtsv7M4_T_le_v4SPD16_eabi.lib : pre_init.c.obj (.text:_system_pre_init)
                  00000bca    00000004                                   : exit.c.obj (.text:abort:abort)

.cinit     0    00000bd0    00000020     
                  00000bd0    0000000d     (.cinit..data.load) [load image, compression = lzss]
                  00000bdd    00000003     --HOLE-- [fill = 0]
                  00000be0    00000008     (__TI_handler_table)
                  00000be8    00000008     (__TI_cinit_table)

.init_array 
*          0    00000000    00000000     UNINITIALIZED

.data      0    20000200    0000000c     UNINITIALIZED
                  20000200    0000000c     main.obj (.data)

.stack     0    20000000    00000200     UNINITIALIZED
                  20000000    00000004     rtsv7M4_T_le_v4SPD16_eabi.lib : boot_cortex_m.c.obj (.stack)
                  20000004    000001fc     --HOLE--

MODULE SUMMARY

       Module                         code   ro data   rw data
       ------                         ----   -------   -------
    .\
       main.obj                       1984   0         12     
       tm4c123gh6pm_startup_ccs.obj   12     620       0      
    +--+------------------------------+------+---------+---------+
       Total:                         1996   620       12     
                                                              
    C:\ti\ccsv8\tools\compiler\ti-cgt-arm_18.1.1.LTS\lib\rtsv7M4_T_le_v4SPD16_eabi.lib
       memcpy_t2.asm.obj              156    0         0      
       copy_decompress_lzss.c.obj     104    0         0      
       autoinit.c.obj                 68     0         0      
       boot_cortex_m.c.obj            56     0         0      
       copy_decompress_none.c.obj     14     0         0      
       exit.c.obj                     4      0         0      
       pre_init.c.obj                 4      0         0      
    +--+------------------------------+------+---------+---------+
       Total:                         406    0         0      
                                                              
       Stack:                         0      0         512    
       Linker Generated:              0      29        0      
    +--+------------------------------+------+---------+---------+
       Grand Total:                   2402   649       524    


LINKER GENERATED COPY TABLES

__TI_cinit_table @ 00000be8 records: 1, size/record: 8, table size: 8
	.data: load addr=00000bd0, load size=0000000d bytes, run addr=20000200, run size=0000000c bytes, compression=lzss


LINKER GENERATED HANDLER TABLE

__TI_handler_table @ 00000be0 records: 2, size/record: 4, table size: 8
	index: 0, handler: __TI_decompress_lzss
	index: 1, handler: __TI_decompress_none


GLOBAL SYMBOLS: SORTED ALPHABETICALLY BY Name 

address   name                          
-------   ----                          
00000469  ADC_Read                      
00000bcb  C$$EXIT                       
20000208  COUNT                         
00000935  EEPROM_read                   
00000981  EEPROM_write                  
000008a1  EInit                         
00000511  IntPortA                      
0000055b  IntPortC                      
0000061d  IntPortE                      
20000206  LETTER                        
00000bbb  ResetISR                      
00000435  SysTick_INTERRUPT             
20000200  TIMER                         
000004d9  UART_Send                     
20000200  __STACK_END                   
00000200  __STACK_SIZE                  
20000200  __STACK_TOP                   
00000be8  __TI_CINIT_Base               
00000bf0  __TI_CINIT_Limit              
00000be0  __TI_Handler_Table_Base       
00000be8  __TI_Handler_Table_Limit      
00000b31  __TI_auto_init_nobinit_nopinit
00000ac9  __TI_decompress_lzss          
00000bad  __TI_decompress_none          
ffffffff  __TI_pprof_out_hndl           
ffffffff  __TI_prof_data_size           
ffffffff  __TI_prof_data_start          
00000000  __TI_static_base__            
00000a2d  __aeabi_memcpy                
00000a2d  __aeabi_memcpy4               
00000a2d  __aeabi_memcpy8               
ffffffff  __binit__                     
ffffffff  __c_args__                    
UNDEFED   __mpu_init                    
20000000  __stack                       
00000b75  _c_int00_noargs               
UNDEFED   _system_post_cinit            
00000bc7  _system_pre_init              
00000bcb  abort                         
ffffffff  binit                         
20000204  bloco                         
000007e5  cmd_LCD                       
00000279  config                        
0000040f  delay_us                      
0000084f  escreve_LCD                   
00000000  g_pfnVectors                  
00000711  inicializa_LCD                
0000026d  main                          
00000a2d  memcpy                        
0000087d  pulso_enable                  
20000205  registro                      


GLOBAL SYMBOLS: SORTED BY Symbol Address 

address   name                          
-------   ----                          
00000000  __TI_static_base__            
00000000  g_pfnVectors                  
00000200  __STACK_SIZE                  
0000026d  main                          
00000279  config                        
0000040f  delay_us                      
00000435  SysTick_INTERRUPT             
00000469  ADC_Read                      
000004d9  UART_Send                     
00000511  IntPortA                      
0000055b  IntPortC                      
0000061d  IntPortE                      
00000711  inicializa_LCD                
000007e5  cmd_LCD                       
0000084f  escreve_LCD                   
0000087d  pulso_enable                  
000008a1  EInit                         
00000935  EEPROM_read                   
00000981  EEPROM_write                  
00000a2d  __aeabi_memcpy                
00000a2d  __aeabi_memcpy4               
00000a2d  __aeabi_memcpy8               
00000a2d  memcpy                        
00000ac9  __TI_decompress_lzss          
00000b31  __TI_auto_init_nobinit_nopinit
00000b75  _c_int00_noargs               
00000bad  __TI_decompress_none          
00000bbb  ResetISR                      
00000bc7  _system_pre_init              
00000bcb  C$$EXIT                       
00000bcb  abort                         
00000be0  __TI_Handler_Table_Base       
00000be8  __TI_CINIT_Base               
00000be8  __TI_Handler_Table_Limit      
00000bf0  __TI_CINIT_Limit              
20000000  __stack                       
20000200  TIMER                         
20000200  __STACK_END                   
20000200  __STACK_TOP                   
20000204  bloco                         
20000205  registro                      
20000206  LETTER                        
20000208  COUNT                         
ffffffff  __TI_pprof_out_hndl           
ffffffff  __TI_prof_data_size           
ffffffff  __TI_prof_data_start          
ffffffff  __binit__                     
ffffffff  __c_args__                    
ffffffff  binit                         
UNDEFED   __mpu_init                    
UNDEFED   _system_post_cinit            

[51 symbols]
