******************************************************************************
                  TI ARM Linker PC v18.12.2                    
******************************************************************************
>> Linked Wed Jul  3 23:04:25 2019

OUTPUT FILE NAME:   <ControleFilipe.out>
ENTRY POINT SYMBOL: "_c_int00_noargs"  address: 00000dc5


MEMORY CONFIGURATION

         name            origin    length      used     unused   attr    fill
----------------------  --------  ---------  --------  --------  ----  --------
  FLASH                 00000000   00040000  00000e3a  0003f1c6  R  X
  SRAM                  20000000   00008000  0000020c  00007df4  RW X


SEGMENT ALLOCATION MAP

run origin  load origin   length   init length attrs members
----------  ----------- ---------- ----------- ----- -------
00000000    00000000    00000e40   00000e40    r-x
  00000000    00000000    0000026c   0000026c    r-- .intvecs
  0000026c    0000026c    00000bae   00000bae    r-x .text
  00000e20    00000e20    00000020   00000020    r-- .cinit
20000000    20000000    0000020c   00000000    rw-
  20000000    20000000    00000200   00000000    rw- .stack
  20000200    20000200    0000000c   00000000    rw- .data


SECTION ALLOCATION MAP

 output                                  attributes/
section   page    origin      length       input sections
--------  ----  ----------  ----------   ----------------
.intvecs   0    00000000    0000026c     
                  00000000    0000026c     tm4c123gh6pm_startup_ccs.obj (.intvecs)

.text      0    0000026c    00000bae     
                  0000026c    00000a10     main.obj (.text)
                  00000c7c    0000009c     rtsv7M4_T_le_v4SPD16_eabi.lib : memcpy_t2.asm.obj (.text)
                  00000d18    00000068                                   : copy_decompress_lzss.c.obj (.text:decompress:lzss:__TI_decompress_lzss)
                  00000d80    00000044                                   : autoinit.c.obj (.text:__TI_auto_init_nobinit_nopinit:__TI_auto_init_nobinit_nopinit)
                  00000dc4    00000034                                   : boot_cortex_m.c.obj (.text:_c_int00_noargs:_c_int00_noargs)
                  00000df8    0000000e                                   : copy_decompress_none.c.obj (.text:decompress:none:__TI_decompress_none)
                  00000e06    0000000c     tm4c123gh6pm_startup_ccs.obj (.text)
                  00000e12    00000004     rtsv7M4_T_le_v4SPD16_eabi.lib : pre_init.c.obj (.text:_system_pre_init)
                  00000e16    00000004                                   : exit.c.obj (.text:abort:abort)

.cinit     0    00000e20    00000020     
                  00000e20    00000010     (.cinit..data.load) [load image, compression = lzss]
                  00000e30    00000008     (__TI_handler_table)
                  00000e38    00000008     (__TI_cinit_table)

.init_array 
*          0    00000000    00000000     UNINITIALIZED

.data      0    20000200    0000000c     UNINITIALIZED
                  20000200    0000000c     main.obj (.data)

.stack     0    20000000    00000200     UNINITIALIZED
                  20000000    00000004     rtsv7M4_T_le_v4SPD16_eabi.lib : boot_cortex_m.c.obj (.stack)
                  20000004    000001fc     --HOLE--

MODULE SUMMARY

       Module                         code   ro data   rw data
       ------                         ----   -------   -------
    .\
       main.obj                       2576   0         12     
       tm4c123gh6pm_startup_ccs.obj   12     620       0      
    +--+------------------------------+------+---------+---------+
       Total:                         2588   620       12     
                                                              
    C:\ti\ccs910\ccs\tools\compiler\ti-cgt-arm_18.12.2.LTS\lib\rtsv7M4_T_le_v4SPD16_eabi.lib
       memcpy_t2.asm.obj              156    0         0      
       copy_decompress_lzss.c.obj     104    0         0      
       autoinit.c.obj                 68     0         0      
       boot_cortex_m.c.obj            52     0         0      
       copy_decompress_none.c.obj     14     0         0      
       exit.c.obj                     4      0         0      
       pre_init.c.obj                 4      0         0      
    +--+------------------------------+------+---------+---------+
       Total:                         402    0         0      
                                                              
       Stack:                         0      0         512    
       Linker Generated:              0      32        0      
    +--+------------------------------+------+---------+---------+
       Grand Total:                   2990   652       524    


LINKER GENERATED COPY TABLES

__TI_cinit_table @ 00000e38 records: 1, size/record: 8, table size: 8
	.data: load addr=00000e20, load size=00000010 bytes, run addr=20000200, run size=0000000c bytes, compression=lzss


LINKER GENERATED HANDLER TABLE

__TI_handler_table @ 00000e30 records: 2, size/record: 4, table size: 8
	index: 0, handler: __TI_decompress_lzss
	index: 1, handler: __TI_decompress_none


GLOBAL SYMBOLS: SORTED ALPHABETICALLY BY Name 

address   name                          
-------   ----                          
00000459  ADC_Read                      
00000e17  C$$EXIT                       
20000208  COUNT                         
00000b07  EEPROM_read                   
00000b7d  EEPROM_write                  
00000a71  EInit                         
00000521  IntPortA                      
00000691  IntPortC                      
00000771  IntPortE                      
20000206  LETTER                        
00000e07  ResetISR                      
00000bc9  Set_memo                      
00000425  SysTick_INTERRUPT             
20000200  TIMER                         
000004e9  UART_Send                     
20000200  __STACK_END                   
00000200  __STACK_SIZE                  
20000200  __STACK_TOP                   
00000e38  __TI_CINIT_Base               
00000e40  __TI_CINIT_Limit              
00000e30  __TI_Handler_Table_Base       
00000e38  __TI_Handler_Table_Limit      
00000d81  __TI_auto_init_nobinit_nopinit
00000d19  __TI_decompress_lzss          
00000df9  __TI_decompress_none          
ffffffff  __TI_pprof_out_hndl           
ffffffff  __TI_prof_data_size           
ffffffff  __TI_prof_data_start          
00000000  __TI_static_base__            
00000c7d  __aeabi_memcpy                
00000c7d  __aeabi_memcpy4               
00000c7d  __aeabi_memcpy8               
ffffffff  __binit__                     
ffffffff  __c_args__                    
UNDEFED   __mpu_init                    
20000000  __stack                       
00000dc5  _c_int00_noargs               
UNDEFED   _system_post_cinit            
00000e13  _system_pre_init              
00000e17  abort                         
ffffffff  binit                         
20000204  bloco                         
00000989  cmd_LCD                       
00000279  config                        
000003ff  delay_us                      
00000a03  escreve_LCD                   
00000000  g_pfnVectors                  
00000851  inicializa_LCD                
0000026d  main                          
00000c7d  memcpy                        
00000a2f  pulso_enable                  
20000205  registro                      


GLOBAL SYMBOLS: SORTED BY Symbol Address 

address   name                          
-------   ----                          
00000000  __TI_static_base__            
00000000  g_pfnVectors                  
00000200  __STACK_SIZE                  
0000026d  main                          
00000279  config                        
000003ff  delay_us                      
00000425  SysTick_INTERRUPT             
00000459  ADC_Read                      
000004e9  UART_Send                     
00000521  IntPortA                      
00000691  IntPortC                      
00000771  IntPortE                      
00000851  inicializa_LCD                
00000989  cmd_LCD                       
00000a03  escreve_LCD                   
00000a2f  pulso_enable                  
00000a71  EInit                         
00000b07  EEPROM_read                   
00000b7d  EEPROM_write                  
00000bc9  Set_memo                      
00000c7d  __aeabi_memcpy                
00000c7d  __aeabi_memcpy4               
00000c7d  __aeabi_memcpy8               
00000c7d  memcpy                        
00000d19  __TI_decompress_lzss          
00000d81  __TI_auto_init_nobinit_nopinit
00000dc5  _c_int00_noargs               
00000df9  __TI_decompress_none          
00000e07  ResetISR                      
00000e13  _system_pre_init              
00000e17  C$$EXIT                       
00000e17  abort                         
00000e30  __TI_Handler_Table_Base       
00000e38  __TI_CINIT_Base               
00000e38  __TI_Handler_Table_Limit      
00000e40  __TI_CINIT_Limit              
20000000  __stack                       
20000200  TIMER                         
20000200  __STACK_END                   
20000200  __STACK_TOP                   
20000204  bloco                         
20000205  registro                      
20000206  LETTER                        
20000208  COUNT                         
ffffffff  __TI_pprof_out_hndl           
ffffffff  __TI_prof_data_size           
ffffffff  __TI_prof_data_start          
ffffffff  __binit__                     
ffffffff  __c_args__                    
ffffffff  binit                         
UNDEFED   __mpu_init                    
UNDEFED   _system_post_cinit            

[52 symbols]
